// Jest Snapshot v1, https://goo.gl/fbAQLP

exports[`<NavBar /> renders correctly 1`] = `
<Uncontrolled(Navbar)
  bsStyle="default"
  collapseOnSelect={true}
>
  <NavbarHeader>
    <NavbarBrand>
      <a
        href="/"
      >
        Jest Testing
      </a>
    </NavbarBrand>
  </NavbarHeader>
</Uncontrolled(Navbar)>
`;
